ERROR - 2026-10-04 18:11:28 --> Error connecting to the database: mysqli_sql_exception: Access denied for user 'root'@'localhost' (using password: NO) in /Applications/MAMP/htdocs/WebSysTech/tfa2/system/Database/MySQLi/Connection.php:201
Stack trace:
#0 /Applications/MAMP/htdocs/WebSysTech/tfa2/system/Database/MySQLi/Connection.php(201): mysqli->real_connect('localhost', 'root', Object(SensitiveParameterValue), 'pos_db', 3306, '', 0)
#1 /Applications/MAMP/htdocs/WebSysTech/tfa2/system/Database/BaseConnection.php(555): CodeIgniter\Database\MySQLi\Connection->connect(false)
#2 /Applications/MAMP/htdocs/WebSysTech/tfa2/system/Database/BaseConnection.php(795): CodeIgniter\Database\BaseConnection->initialize()
#3 /Applications/MAMP/htdocs/WebSysTech/tfa2/system/Database/BaseConnection.php(1706): CodeIgniter\Database\BaseConnection->query('SHOW TABLES FRO...')
#4 /Applications/MAMP/htdocs/WebSysTech/tfa2/system/Commands/Database/ShowTableInfo.php(121): CodeIgniter\Database\BaseConnection->listTables()
#5 /Applications/MAMP/htdocs/WebSysTech/tfa2/system/CLI/Commands.php(72): CodeIgniter\Commands\Database\ShowTableInfo->run(Array)
#6 /Applications/MAMP/htdocs/WebSysTech/tfa2/system/CLI/Console.php(47): CodeIgniter\CLI\Commands->run('db:table', Array)
#7 /Applications/MAMP/htdocs/WebSysTech/tfa2/system/Boot.php(444): CodeIgniter\CLI\Console->run()
#8 /Applications/MAMP/htdocs/WebSysTech/tfa2/system/Boot.php(166): CodeIgniter\Boot::runCommand(Object(CodeIgniter\CLI\Console))
#9 /Applications/MAMP/htdocs/WebSysTech/tfa2/spark(87): CodeIgniter\Boot::bootSpark(Object(Config\Paths))
#10 {main}

Next CodeIgniter\Database\Exceptions\DatabaseException: Access denied for user '****'@'localhost' (using password: NO) in /Applications/MAMP/htdocs/WebSysTech/tfa2/system/Database/MySQLi/Connection.php:231
Stack trace:
#0 /Applications/MAMP/htdocs/WebSysTech/tfa2/system/Database/BaseConnection.php(555): CodeIgniter\Database\MySQLi\Connection->connect(false)
#1 /Applications/MAMP/htdocs/WebSysTech/tfa2/system/Database/BaseConnection.php(795): CodeIgniter\Database\BaseConnection->initialize()
#2 /Applications/MAMP/htdocs/WebSysTech/tfa2/system/Database/BaseConnection.php(1706): CodeIgniter\Database\BaseConnection->query('SHOW TABLES FRO...')
#3 /Applications/MAMP/htdocs/WebSysTech/tfa2/system/Commands/Database/ShowTableInfo.php(121): CodeIgniter\Database\BaseConnection->listTables()
#4 /Applications/MAMP/htdocs/WebSysTech/tfa2/system/CLI/Commands.php(72): CodeIgniter\Commands\Database\ShowTableInfo->run(Array)
#5 /Applications/MAMP/htdocs/WebSysTech/tfa2/system/CLI/Console.php(47): CodeIgniter\CLI\Commands->run('db:table', Array)
#6 /Applications/MAMP/htdocs/WebSysTech/tfa2/system/Boot.php(444): CodeIgniter\CLI\Console->run()
#7 /Applications/MAMP/htdocs/WebSysTech/tfa2/system/Boot.php(166): CodeIgniter\Boot::runCommand(Object(CodeIgniter\CLI\Console))
#8 /Applications/MAMP/htdocs/WebSysTech/tfa2/spark(87): CodeIgniter\Boot::bootSpark(Object(Config\Paths))
#9 {main}
CRITICAL - 2026-10-04 18:11:28 --> CodeIgniter\Database\Exceptions\DatabaseException: Unable to connect to the database.
Main connection [MySQLi]: Access denied for user '****'@'localhost' (using password: NO)
[Method: CLI, Route: db:table/customers]
in SYSTEMPATH/Database/BaseConnection.php on line 606.
 1 SYSTEMPATH/Database/BaseConnection.php(795): CodeIgniter\Database\BaseConnection->initialize()
 2 SYSTEMPATH/Database/BaseConnection.php(1706): CodeIgniter\Database\BaseConnection->query('SHOW TABLES FROM `pos_db`')
 3 SYSTEMPATH/Commands/Database/ShowTableInfo.php(121): CodeIgniter\Database\BaseConnection->listTables()
 4 SYSTEMPATH/CLI/Commands.php(72): CodeIgniter\Commands\Database\ShowTableInfo->run([...])
 5 SYSTEMPATH/CLI/Console.php(47): CodeIgniter\CLI\Commands->run('db:table', [...])
 6 SYSTEMPATH/Boot.php(444): CodeIgniter\CLI\Console->run()
 7 SYSTEMPATH/Boot.php(166): CodeIgniter\Boot::runCommand(Object(CodeIgniter\CLI\Console))
 8 ROOTPATH/spark(87): CodeIgniter\Boot::bootSpark(Object(Config\Paths))
ERROR - 2026-10-04 18:13:13 --> Error connecting to the database: mysqli_sql_exception: Access denied for user 'root'@'localhost' (using password: NO) in /Applications/MAMP/htdocs/WebSysTech/tfa2/system/Database/MySQLi/Connection.php:201
Stack trace:
#0 /Applications/MAMP/htdocs/WebSysTech/tfa2/system/Database/MySQLi/Connection.php(201): mysqli->real_connect('localhost', 'root', Object(SensitiveParameterValue), 'tfa2_db', 8889, '', 0)
#1 /Applications/MAMP/htdocs/WebSysTech/tfa2/system/Database/BaseConnection.php(555): CodeIgniter\Database\MySQLi\Connection->connect(false)
#2 /Applications/MAMP/htdocs/WebSysTech/tfa2/system/Database/BaseConnection.php(795): CodeIgniter\Database\BaseConnection->initialize()
#3 /Applications/MAMP/htdocs/WebSysTech/tfa2/system/Database/BaseConnection.php(1706): CodeIgniter\Database\BaseConnection->query('SHOW TABLES FRO...')
#4 /Applications/MAMP/htdocs/WebSysTech/tfa2/system/Commands/Database/ShowTableInfo.php(121): CodeIgniter\Database\BaseConnection->listTables()
#5 /Applications/MAMP/htdocs/WebSysTech/tfa2/system/CLI/Commands.php(72): CodeIgniter\Commands\Database\ShowTableInfo->run(Array)
#6 /Applications/MAMP/htdocs/WebSysTech/tfa2/system/CLI/Console.php(47): CodeIgniter\CLI\Commands->run('db:table', Array)
#7 /Applications/MAMP/htdocs/WebSysTech/tfa2/system/Boot.php(444): CodeIgniter\CLI\Console->run()
#8 /Applications/MAMP/htdocs/WebSysTech/tfa2/system/Boot.php(166): CodeIgniter\Boot::runCommand(Object(CodeIgniter\CLI\Console))
#9 /Applications/MAMP/htdocs/WebSysTech/tfa2/spark(87): CodeIgniter\Boot::bootSpark(Object(Config\Paths))
#10 {main}

Next CodeIgniter\Database\Exceptions\DatabaseException: Access denied for user '****'@'localhost' (using password: NO) in /Applications/MAMP/htdocs/WebSysTech/tfa2/system/Database/MySQLi/Connection.php:231
Stack trace:
#0 /Applications/MAMP/htdocs/WebSysTech/tfa2/system/Database/BaseConnection.php(555): CodeIgniter\Database\MySQLi\Connection->connect(false)
#1 /Applications/MAMP/htdocs/WebSysTech/tfa2/system/Database/BaseConnection.php(795): CodeIgniter\Database\BaseConnection->initialize()
#2 /Applications/MAMP/htdocs/WebSysTech/tfa2/system/Database/BaseConnection.php(1706): CodeIgniter\Database\BaseConnection->query('SHOW TABLES FRO...')
#3 /Applications/MAMP/htdocs/WebSysTech/tfa2/system/Commands/Database/ShowTableInfo.php(121): CodeIgniter\Database\BaseConnection->listTables()
#4 /Applications/MAMP/htdocs/WebSysTech/tfa2/system/CLI/Commands.php(72): CodeIgniter\Commands\Database\ShowTableInfo->run(Array)
#5 /Applications/MAMP/htdocs/WebSysTech/tfa2/system/CLI/Console.php(47): CodeIgniter\CLI\Commands->run('db:table', Array)
#6 /Applications/MAMP/htdocs/WebSysTech/tfa2/system/Boot.php(444): CodeIgniter\CLI\Console->run()
#7 /Applications/MAMP/htdocs/WebSysTech/tfa2/system/Boot.php(166): CodeIgniter\Boot::runCommand(Object(CodeIgniter\CLI\Console))
#8 /Applications/MAMP/htdocs/WebSysTech/tfa2/spark(87): CodeIgniter\Boot::bootSpark(Object(Config\Paths))
#9 {main}
CRITICAL - 2026-10-04 18:13:13 --> CodeIgniter\Database\Exceptions\DatabaseException: Unable to connect to the database.
Main connection [MySQLi]: Access denied for user '****'@'localhost' (using password: NO)
[Method: CLI, Route: db:table/customers]
in SYSTEMPATH/Database/BaseConnection.php on line 606.
 1 SYSTEMPATH/Database/BaseConnection.php(795): CodeIgniter\Database\BaseConnection->initialize()
 2 SYSTEMPATH/Database/BaseConnection.php(1706): CodeIgniter\Database\BaseConnection->query('SHOW TABLES FROM `tfa2_db`')
 3 SYSTEMPATH/Commands/Database/ShowTableInfo.php(121): CodeIgniter\Database\BaseConnection->listTables()
 4 SYSTEMPATH/CLI/Commands.php(72): CodeIgniter\Commands\Database\ShowTableInfo->run([...])
 5 SYSTEMPATH/CLI/Console.php(47): CodeIgniter\CLI\Commands->run('db:table', [...])
 6 SYSTEMPATH/Boot.php(444): CodeIgniter\CLI\Console->run()
 7 SYSTEMPATH/Boot.php(166): CodeIgniter\Boot::runCommand(Object(CodeIgniter\CLI\Console))
 8 ROOTPATH/spark(87): CodeIgniter\Boot::bootSpark(Object(Config\Paths))
ERROR - 2026-10-04 18:21:19 --> Error connecting to the database: mysqli_sql_exception: Access denied for user 'root'@'localhost' (using password: NO) in /Applications/MAMP/htdocs/WebSysTech/tfa2/system/Database/MySQLi/Connection.php:201
Stack trace:
#0 /Applications/MAMP/htdocs/WebSysTech/tfa2/system/Database/MySQLi/Connection.php(201): mysqli->real_connect('localhost', 'root', Object(SensitiveParameterValue), 'tfa2_db', 8889, '', 0)
#1 /Applications/MAMP/htdocs/WebSysTech/tfa2/system/Database/BaseConnection.php(555): CodeIgniter\Database\MySQLi\Connection->connect(false)
#2 /Applications/MAMP/htdocs/WebSysTech/tfa2/system/Database/BaseConnection.php(795): CodeIgniter\Database\BaseConnection->initialize()
#3 /Applications/MAMP/htdocs/WebSysTech/tfa2/system/Database/BaseBuilder.php(1659): CodeIgniter\Database\BaseConnection->query('SELECT *\nFROM `...', Array, false)
#4 /Applications/MAMP/htdocs/WebSysTech/tfa2/system/Model.php(255): CodeIgniter\Database\BaseBuilder->get()
#5 /Applications/MAMP/htdocs/WebSysTech/tfa2/system/BaseModel.php(676): CodeIgniter\Model->doFindAll(0, 0)
#6 /Applications/MAMP/htdocs/WebSysTech/tfa2/app/Controllers/UserController.php(12): CodeIgniter\BaseModel->findAll()
#7 /Applications/MAMP/htdocs/WebSysTech/tfa2/system/CodeIgniter.php(974): App\Controllers\UserController->index()
#8 /Applications/MAMP/htdocs/WebSysTech/tfa2/system/CodeIgniter.php(520): CodeIgniter\CodeIgniter->runController(Object(App\Controllers\UserController))
#9 /Applications/MAMP/htdocs/WebSysTech/tfa2/system/CodeIgniter.php(363): CodeIgniter\CodeIgniter->handleRequest(NULL, Object(Config\Cache), false)
#10 /Applications/MAMP/htdocs/WebSysTech/tfa2/system/Boot.php(417): CodeIgniter\CodeIgniter->run()
#11 /Applications/MAMP/htdocs/WebSysTech/tfa2/system/Boot.php(68): CodeIgniter\Boot::runCodeIgniter(Object(CodeIgniter\CodeIgniter))
#12 /Applications/MAMP/htdocs/WebSysTech/tfa2/public/index.php(59): CodeIgniter\Boot::bootWeb(Object(Config\Paths))
#13 /Applications/MAMP/htdocs/WebSysTech/tfa2/system/rewrite.php(44): require_once('/Applications/M...')
#14 {main}

Next CodeIgniter\Database\Exceptions\DatabaseException: Access denied for user '****'@'localhost' (using password: NO) in /Applications/MAMP/htdocs/WebSysTech/tfa2/system/Database/MySQLi/Connection.php:231
Stack trace:
#0 /Applications/MAMP/htdocs/WebSysTech/tfa2/system/Database/BaseConnection.php(555): CodeIgniter\Database\MySQLi\Connection->connect(false)
#1 /Applications/MAMP/htdocs/WebSysTech/tfa2/system/Database/BaseConnection.php(795): CodeIgniter\Database\BaseConnection->initialize()
#2 /Applications/MAMP/htdocs/WebSysTech/tfa2/system/Database/BaseBuilder.php(1659): CodeIgniter\Database\BaseConnection->query('SELECT *\nFROM `...', Array, false)
#3 /Applications/MAMP/htdocs/WebSysTech/tfa2/system/Model.php(255): CodeIgniter\Database\BaseBuilder->get()
#4 /Applications/MAMP/htdocs/WebSysTech/tfa2/system/BaseModel.php(676): CodeIgniter\Model->doFindAll(0, 0)
#5 /Applications/MAMP/htdocs/WebSysTech/tfa2/app/Controllers/UserController.php(12): CodeIgniter\BaseModel->findAll()
#6 /Applications/MAMP/htdocs/WebSysTech/tfa2/system/CodeIgniter.php(974): App\Controllers\UserController->index()
#7 /Applications/MAMP/htdocs/WebSysTech/tfa2/system/CodeIgniter.php(520): CodeIgniter\CodeIgniter->runController(Object(App\Controllers\UserController))
#8 /Applications/MAMP/htdocs/WebSysTech/tfa2/system/CodeIgniter.php(363): CodeIgniter\CodeIgniter->handleRequest(NULL, Object(Config\Cache), false)
#9 /Applications/MAMP/htdocs/WebSysTech/tfa2/system/Boot.php(417): CodeIgniter\CodeIgniter->run()
#10 /Applications/MAMP/htdocs/WebSysTech/tfa2/system/Boot.php(68): CodeIgniter\Boot::runCodeIgniter(Object(CodeIgniter\CodeIgniter))
#11 /Applications/MAMP/htdocs/WebSysTech/tfa2/public/index.php(59): CodeIgniter\Boot::bootWeb(Object(Config\Paths))
#12 /Applications/MAMP/htdocs/WebSysTech/tfa2/system/rewrite.php(44): require_once('/Applications/M...')
#13 {main}
CRITICAL - 2026-10-04 18:21:19 --> CodeIgniter\Database\Exceptions\DatabaseException: Unable to connect to the database.
Main connection [MySQLi]: Access denied for user '****'@'localhost' (using password: NO)
[Method: GET, Route: users]
in SYSTEMPATH/Database/BaseConnection.php on line 606.
 1 SYSTEMPATH/Database/BaseConnection.php(795): CodeIgniter\Database\BaseConnection->initialize()
 2 SYSTEMPATH/Database/BaseBuilder.php(1659): CodeIgniter\Database\BaseConnection->query('SELECT *
FROM `users`', [], false)
 3 SYSTEMPATH/Model.php(255): CodeIgniter\Database\BaseBuilder->get()
 4 SYSTEMPATH/BaseModel.php(676): CodeIgniter\Model->doFindAll(0, 0)
 5 APPPATH/Controllers/UserController.php(12): CodeIgniter\BaseModel->findAll()
 6 SYSTEMPATH/CodeIgniter.php(974): App\Controllers\UserController->index()
 7 SYSTEMPATH/CodeIgniter.php(520): CodeIgniter\CodeIgniter->runController(Object(App\Controllers\UserController))
 8 SYSTEMPATH/CodeIgniter.php(363): CodeIgniter\CodeIgniter->handleRequest(null, Object(Config\Cache), false)
 9 SYSTEMPATH/Boot.php(417): CodeIgniter\CodeIgniter->run()
10 SYSTEMPATH/Boot.php(68): CodeIgniter\Boot::runCodeIgniter(Object(CodeIgniter\CodeIgniter))
11 FCPATH/index.php(59): CodeIgniter\Boot::bootWeb(Object(Config\Paths))
12 SYSTEMPATH/rewrite.php(44): require_once('/Applications/MAMP/htdocs/WebSysTech/tfa2/public/index.php')
ERROR - 2026-10-04 18:21:19 --> Error connecting to the database: mysqli_sql_exception: Access denied for user 'root'@'localhost' (using password: NO) in /Applications/MAMP/htdocs/WebSysTech/tfa2/system/Database/MySQLi/Connection.php:201
Stack trace:
#0 /Applications/MAMP/htdocs/WebSysTech/tfa2/system/Database/MySQLi/Connection.php(201): mysqli->real_connect('localhost', 'root', Object(SensitiveParameterValue), 'tfa2_db', 8889, '', 0)
#1 /Applications/MAMP/htdocs/WebSysTech/tfa2/system/Database/BaseConnection.php(555): CodeIgniter\Database\MySQLi\Connection->connect(false)
#2 /Applications/MAMP/htdocs/WebSysTech/tfa2/system/Database/BaseConnection.php(795): CodeIgniter\Database\BaseConnection->initialize()
#3 /Applications/MAMP/htdocs/WebSysTech/tfa2/system/Database/BaseBuilder.php(1659): CodeIgniter\Database\BaseConnection->query('SELECT *\nFROM `...', Array, false)
#4 /Applications/MAMP/htdocs/WebSysTech/tfa2/system/Model.php(255): CodeIgniter\Database\BaseBuilder->get()
#5 /Applications/MAMP/htdocs/WebSysTech/tfa2/system/BaseModel.php(676): CodeIgniter\Model->doFindAll(0, 0)
#6 /Applications/MAMP/htdocs/WebSysTech/tfa2/app/Controllers/UserController.php(12): CodeIgniter\BaseModel->findAll()
#7 /Applications/MAMP/htdocs/WebSysTech/tfa2/system/CodeIgniter.php(974): App\Controllers\UserController->index()
#8 /Applications/MAMP/htdocs/WebSysTech/tfa2/system/CodeIgniter.php(520): CodeIgniter\CodeIgniter->runController(Object(App\Controllers\UserController))
#9 /Applications/MAMP/htdocs/WebSysTech/tfa2/system/CodeIgniter.php(363): CodeIgniter\CodeIgniter->handleRequest(NULL, Object(Config\Cache), false)
#10 /Applications/MAMP/htdocs/WebSysTech/tfa2/system/Boot.php(417): CodeIgniter\CodeIgniter->run()
#11 /Applications/MAMP/htdocs/WebSysTech/tfa2/system/Boot.php(68): CodeIgniter\Boot::runCodeIgniter(Object(CodeIgniter\CodeIgniter))
#12 /Applications/MAMP/htdocs/WebSysTech/tfa2/public/index.php(59): CodeIgniter\Boot::bootWeb(Object(Config\Paths))
#13 /Applications/MAMP/htdocs/WebSysTech/tfa2/system/rewrite.php(44): require_once('/Applications/M...')
#14 {main}

Next CodeIgniter\Database\Exceptions\DatabaseException: Access denied for user '****'@'localhost' (using password: NO) in /Applications/MAMP/htdocs/WebSysTech/tfa2/system/Database/MySQLi/Connection.php:231
Stack trace:
#0 /Applications/MAMP/htdocs/WebSysTech/tfa2/system/Database/BaseConnection.php(555): CodeIgniter\Database\MySQLi\Connection->connect(false)
#1 /Applications/MAMP/htdocs/WebSysTech/tfa2/system/Database/BaseConnection.php(795): CodeIgniter\Database\BaseConnection->initialize()
#2 /Applications/MAMP/htdocs/WebSysTech/tfa2/system/Database/BaseBuilder.php(1659): CodeIgniter\Database\BaseConnection->query('SELECT *\nFROM `...', Array, false)
#3 /Applications/MAMP/htdocs/WebSysTech/tfa2/system/Model.php(255): CodeIgniter\Database\BaseBuilder->get()
#4 /Applications/MAMP/htdocs/WebSysTech/tfa2/system/BaseModel.php(676): CodeIgniter\Model->doFindAll(0, 0)
#5 /Applications/MAMP/htdocs/WebSysTech/tfa2/app/Controllers/UserController.php(12): CodeIgniter\BaseModel->findAll()
#6 /Applications/MAMP/htdocs/WebSysTech/tfa2/system/CodeIgniter.php(974): App\Controllers\UserController->index()
#7 /Applications/MAMP/htdocs/WebSysTech/tfa2/system/CodeIgniter.php(520): CodeIgniter\CodeIgniter->runController(Object(App\Controllers\UserController))
#8 /Applications/MAMP/htdocs/WebSysTech/tfa2/system/CodeIgniter.php(363): CodeIgniter\CodeIgniter->handleRequest(NULL, Object(Config\Cache), false)
#9 /Applications/MAMP/htdocs/WebSysTech/tfa2/system/Boot.php(417): CodeIgniter\CodeIgniter->run()
#10 /Applications/MAMP/htdocs/WebSysTech/tfa2/system/Boot.php(68): CodeIgniter\Boot::runCodeIgniter(Object(CodeIgniter\CodeIgniter))
#11 /Applications/MAMP/htdocs/WebSysTech/tfa2/public/index.php(59): CodeIgniter\Boot::bootWeb(Object(Config\Paths))
#12 /Applications/MAMP/htdocs/WebSysTech/tfa2/system/rewrite.php(44): require_once('/Applications/M...')
#13 {main}
CRITICAL - 2026-10-04 18:21:19 --> CodeIgniter\Database\Exceptions\DatabaseException: Unable to connect to the database.
Main connection [MySQLi]: Access denied for user '****'@'localhost' (using password: NO)
[Method: GET, Route: users]
in SYSTEMPATH/Database/BaseConnection.php on line 606.
 1 SYSTEMPATH/Database/BaseConnection.php(795): CodeIgniter\Database\BaseConnection->initialize()
 2 SYSTEMPATH/Database/BaseBuilder.php(1659): CodeIgniter\Database\BaseConnection->query('SELECT *
FROM `users`', [], false)
 3 SYSTEMPATH/Model.php(255): CodeIgniter\Database\BaseBuilder->get()
 4 SYSTEMPATH/BaseModel.php(676): CodeIgniter\Model->doFindAll(0, 0)
 5 APPPATH/Controllers/UserController.php(12): CodeIgniter\BaseModel->findAll()
 6 SYSTEMPATH/CodeIgniter.php(974): App\Controllers\UserController->index()
 7 SYSTEMPATH/CodeIgniter.php(520): CodeIgniter\CodeIgniter->runController(Object(App\Controllers\UserController))
 8 SYSTEMPATH/CodeIgniter.php(363): CodeIgniter\CodeIgniter->handleRequest(null, Object(Config\Cache), false)
 9 SYSTEMPATH/Boot.php(417): CodeIgniter\CodeIgniter->run()
10 SYSTEMPATH/Boot.php(68): CodeIgniter\Boot::runCodeIgniter(Object(CodeIgniter\CodeIgniter))
11 FCPATH/index.php(59): CodeIgniter\Boot::bootWeb(Object(Config\Paths))
12 SYSTEMPATH/rewrite.php(44): require_once('/Applications/MAMP/htdocs/WebSysTech/tfa2/public/index.php')
ERROR - 2026-10-04 18:24:06 --> Error connecting to the database: mysqli_sql_exception: Operation timed out in /Applications/MAMP/htdocs/WebSysTech/tfa2/system/Database/MySQLi/Connection.php:201
Stack trace:
#0 /Applications/MAMP/htdocs/WebSysTech/tfa2/system/Database/MySQLi/Connection.php(201): mysqli->real_connect('172.0.0.1', 'root', Object(SensitiveParameterValue), 'tfa2_db', 8889, '', 0)
#1 /Applications/MAMP/htdocs/WebSysTech/tfa2/system/Database/BaseConnection.php(555): CodeIgniter\Database\MySQLi\Connection->connect(false)
#2 /Applications/MAMP/htdocs/WebSysTech/tfa2/system/Database/BaseConnection.php(795): CodeIgniter\Database\BaseConnection->initialize()
#3 /Applications/MAMP/htdocs/WebSysTech/tfa2/system/Database/BaseConnection.php(1706): CodeIgniter\Database\BaseConnection->query('SHOW TABLES FRO...')
#4 /Applications/MAMP/htdocs/WebSysTech/tfa2/system/Commands/Database/ShowTableInfo.php(121): CodeIgniter\Database\BaseConnection->listTables()
#5 /Applications/MAMP/htdocs/WebSysTech/tfa2/system/CLI/Commands.php(72): CodeIgniter\Commands\Database\ShowTableInfo->run(Array)
#6 /Applications/MAMP/htdocs/WebSysTech/tfa2/system/CLI/Console.php(47): CodeIgniter\CLI\Commands->run('db:table', Array)
#7 /Applications/MAMP/htdocs/WebSysTech/tfa2/system/Boot.php(444): CodeIgniter\CLI\Console->run()
#8 /Applications/MAMP/htdocs/WebSysTech/tfa2/system/Boot.php(166): CodeIgniter\Boot::runCommand(Object(CodeIgniter\CLI\Console))
#9 /Applications/MAMP/htdocs/WebSysTech/tfa2/spark(87): CodeIgniter\Boot::bootSpark(Object(Config\Paths))
#10 {main}

Next CodeIgniter\Database\Exceptions\DatabaseException: Operation timed out in /Applications/MAMP/htdocs/WebSysTech/tfa2/system/Database/MySQLi/Connection.php:231
Stack trace:
#0 /Applications/MAMP/htdocs/WebSysTech/tfa2/system/Database/BaseConnection.php(555): CodeIgniter\Database\MySQLi\Connection->connect(false)
#1 /Applications/MAMP/htdocs/WebSysTech/tfa2/system/Database/BaseConnection.php(795): CodeIgniter\Database\BaseConnection->initialize()
#2 /Applications/MAMP/htdocs/WebSysTech/tfa2/system/Database/BaseConnection.php(1706): CodeIgniter\Database\BaseConnection->query('SHOW TABLES FRO...')
#3 /Applications/MAMP/htdocs/WebSysTech/tfa2/system/Commands/Database/ShowTableInfo.php(121): CodeIgniter\Database\BaseConnection->listTables()
#4 /Applications/MAMP/htdocs/WebSysTech/tfa2/system/CLI/Commands.php(72): CodeIgniter\Commands\Database\ShowTableInfo->run(Array)
#5 /Applications/MAMP/htdocs/WebSysTech/tfa2/system/CLI/Console.php(47): CodeIgniter\CLI\Commands->run('db:table', Array)
#6 /Applications/MAMP/htdocs/WebSysTech/tfa2/system/Boot.php(444): CodeIgniter\CLI\Console->run()
#7 /Applications/MAMP/htdocs/WebSysTech/tfa2/system/Boot.php(166): CodeIgniter\Boot::runCommand(Object(CodeIgniter\CLI\Console))
#8 /Applications/MAMP/htdocs/WebSysTech/tfa2/spark(87): CodeIgniter\Boot::bootSpark(Object(Config\Paths))
#9 {main}
CRITICAL - 2026-10-04 18:24:06 --> CodeIgniter\Database\Exceptions\DatabaseException: Unable to connect to the database.
Main connection [MySQLi]: Operation timed out
[Method: CLI, Route: db:table/customers]
in SYSTEMPATH/Database/BaseConnection.php on line 606.
 1 SYSTEMPATH/Database/BaseConnection.php(795): CodeIgniter\Database\BaseConnection->initialize()
 2 SYSTEMPATH/Database/BaseConnection.php(1706): CodeIgniter\Database\BaseConnection->query('SHOW TABLES FROM `tfa2_db`')
 3 SYSTEMPATH/Commands/Database/ShowTableInfo.php(121): CodeIgniter\Database\BaseConnection->listTables()
 4 SYSTEMPATH/CLI/Commands.php(72): CodeIgniter\Commands\Database\ShowTableInfo->run([...])
 5 SYSTEMPATH/CLI/Console.php(47): CodeIgniter\CLI\Commands->run('db:table', [...])
 6 SYSTEMPATH/Boot.php(444): CodeIgniter\CLI\Console->run()
 7 SYSTEMPATH/Boot.php(166): CodeIgniter\Boot::runCommand(Object(CodeIgniter\CLI\Console))
 8 ROOTPATH/spark(87): CodeIgniter\Boot::bootSpark(Object(Config\Paths))
ERROR - 2026-10-04 18:26:03 --> Error connecting to the database: mysqli_sql_exception: Operation timed out in /Applications/MAMP/htdocs/WebSysTech/tfa2/system/Database/MySQLi/Connection.php:201
Stack trace:
#0 /Applications/MAMP/htdocs/WebSysTech/tfa2/system/Database/MySQLi/Connection.php(201): mysqli->real_connect('172.0.0.1', 'root', Object(SensitiveParameterValue), 'tfa2_db', 8889, '', 0)
#1 /Applications/MAMP/htdocs/WebSysTech/tfa2/system/Database/BaseConnection.php(555): CodeIgniter\Database\MySQLi\Connection->connect(false)
#2 /Applications/MAMP/htdocs/WebSysTech/tfa2/system/Database/BaseConnection.php(795): CodeIgniter\Database\BaseConnection->initialize()
#3 /Applications/MAMP/htdocs/WebSysTech/tfa2/system/Database/BaseBuilder.php(1659): CodeIgniter\Database\BaseConnection->query('SELECT *\nFROM `...', Array, false)
#4 /Applications/MAMP/htdocs/WebSysTech/tfa2/system/Model.php(255): CodeIgniter\Database\BaseBuilder->get()
#5 /Applications/MAMP/htdocs/WebSysTech/tfa2/system/BaseModel.php(676): CodeIgniter\Model->doFindAll(0, 0)
#6 /Applications/MAMP/htdocs/WebSysTech/tfa2/app/Controllers/CustomerController.php(12): CodeIgniter\BaseModel->findAll()
#7 /Applications/MAMP/htdocs/WebSysTech/tfa2/system/CodeIgniter.php(974): App\Controllers\CustomerController->index()
#8 /Applications/MAMP/htdocs/WebSysTech/tfa2/system/CodeIgniter.php(520): CodeIgniter\CodeIgniter->runController(Object(App\Controllers\CustomerController))
#9 /Applications/MAMP/htdocs/WebSysTech/tfa2/system/CodeIgniter.php(363): CodeIgniter\CodeIgniter->handleRequest(NULL, Object(Config\Cache), false)
#10 /Applications/MAMP/htdocs/WebSysTech/tfa2/system/Boot.php(417): CodeIgniter\CodeIgniter->run()
#11 /Applications/MAMP/htdocs/WebSysTech/tfa2/system/Boot.php(68): CodeIgniter\Boot::runCodeIgniter(Object(CodeIgniter\CodeIgniter))
#12 /Applications/MAMP/htdocs/WebSysTech/tfa2/public/index.php(59): CodeIgniter\Boot::bootWeb(Object(Config\Paths))
#13 /Applications/MAMP/htdocs/WebSysTech/tfa2/system/rewrite.php(44): require_once('/Applications/M...')
#14 {main}

Next CodeIgniter\Database\Exceptions\DatabaseException: Operation timed out in /Applications/MAMP/htdocs/WebSysTech/tfa2/system/Database/MySQLi/Connection.php:231
Stack trace:
#0 /Applications/MAMP/htdocs/WebSysTech/tfa2/system/Database/BaseConnection.php(555): CodeIgniter\Database\MySQLi\Connection->connect(false)
#1 /Applications/MAMP/htdocs/WebSysTech/tfa2/system/Database/BaseConnection.php(795): CodeIgniter\Database\BaseConnection->initialize()
#2 /Applications/MAMP/htdocs/WebSysTech/tfa2/system/Database/BaseBuilder.php(1659): CodeIgniter\Database\BaseConnection->query('SELECT *\nFROM `...', Array, false)
#3 /Applications/MAMP/htdocs/WebSysTech/tfa2/system/Model.php(255): CodeIgniter\Database\BaseBuilder->get()
#4 /Applications/MAMP/htdocs/WebSysTech/tfa2/system/BaseModel.php(676): CodeIgniter\Model->doFindAll(0, 0)
#5 /Applications/MAMP/htdocs/WebSysTech/tfa2/app/Controllers/CustomerController.php(12): CodeIgniter\BaseModel->findAll()
#6 /Applications/MAMP/htdocs/WebSysTech/tfa2/system/CodeIgniter.php(974): App\Controllers\CustomerController->index()
#7 /Applications/MAMP/htdocs/WebSysTech/tfa2/system/CodeIgniter.php(520): CodeIgniter\CodeIgniter->runController(Object(App\Controllers\CustomerController))
#8 /Applications/MAMP/htdocs/WebSysTech/tfa2/system/CodeIgniter.php(363): CodeIgniter\CodeIgniter->handleRequest(NULL, Object(Config\Cache), false)
#9 /Applications/MAMP/htdocs/WebSysTech/tfa2/system/Boot.php(417): CodeIgniter\CodeIgniter->run()
#10 /Applications/MAMP/htdocs/WebSysTech/tfa2/system/Boot.php(68): CodeIgniter\Boot::runCodeIgniter(Object(CodeIgniter\CodeIgniter))
#11 /Applications/MAMP/htdocs/WebSysTech/tfa2/public/index.php(59): CodeIgniter\Boot::bootWeb(Object(Config\Paths))
#12 /Applications/MAMP/htdocs/WebSysTech/tfa2/system/rewrite.php(44): require_once('/Applications/M...')
#13 {main}
CRITICAL - 2026-10-04 18:26:03 --> CodeIgniter\Database\Exceptions\DatabaseException: Unable to connect to the database.
Main connection [MySQLi]: Operation timed out
[Method: GET, Route: customers]
in SYSTEMPATH/Database/BaseConnection.php on line 606.
 1 SYSTEMPATH/Database/BaseConnection.php(795): CodeIgniter\Database\BaseConnection->initialize()
 2 SYSTEMPATH/Database/BaseBuilder.php(1659): CodeIgniter\Database\BaseConnection->query('SELECT *
FROM `customers`', [], false)
 3 SYSTEMPATH/Model.php(255): CodeIgniter\Database\BaseBuilder->get()
 4 SYSTEMPATH/BaseModel.php(676): CodeIgniter\Model->doFindAll(0, 0)
 5 APPPATH/Controllers/CustomerController.php(12): CodeIgniter\BaseModel->findAll()
 6 SYSTEMPATH/CodeIgniter.php(974): App\Controllers\CustomerController->index()
 7 SYSTEMPATH/CodeIgniter.php(520): CodeIgniter\CodeIgniter->runController(Object(App\Controllers\CustomerController))
 8 SYSTEMPATH/CodeIgniter.php(363): CodeIgniter\CodeIgniter->handleRequest(null, Object(Config\Cache), false)
 9 SYSTEMPATH/Boot.php(417): CodeIgniter\CodeIgniter->run()
10 SYSTEMPATH/Boot.php(68): CodeIgniter\Boot::runCodeIgniter(Object(CodeIgniter\CodeIgniter))
11 FCPATH/index.php(59): CodeIgniter\Boot::bootWeb(Object(Config\Paths))
12 SYSTEMPATH/rewrite.php(44): require_once('/Applications/MAMP/htdocs/WebSysTech/tfa2/public/index.php')
ERROR - 2026-10-04 18:26:13 --> Error connecting to the database: mysqli_sql_exception: Operation timed out in /Applications/MAMP/htdocs/WebSysTech/tfa2/system/Database/MySQLi/Connection.php:201
Stack trace:
#0 /Applications/MAMP/htdocs/WebSysTech/tfa2/system/Database/MySQLi/Connection.php(201): mysqli->real_connect('172.0.0.1', 'root', Object(SensitiveParameterValue), 'tfa2_db', 8889, '', 0)
#1 /Applications/MAMP/htdocs/WebSysTech/tfa2/system/Database/BaseConnection.php(555): CodeIgniter\Database\MySQLi\Connection->connect(false)
#2 /Applications/MAMP/htdocs/WebSysTech/tfa2/system/Database/BaseConnection.php(795): CodeIgniter\Database\BaseConnection->initialize()
#3 /Applications/MAMP/htdocs/WebSysTech/tfa2/system/Database/BaseBuilder.php(1659): CodeIgniter\Database\BaseConnection->query('SELECT *\nFROM `...', Array, false)
#4 /Applications/MAMP/htdocs/WebSysTech/tfa2/system/Model.php(255): CodeIgniter\Database\BaseBuilder->get()
#5 /Applications/MAMP/htdocs/WebSysTech/tfa2/system/BaseModel.php(676): CodeIgniter\Model->doFindAll(0, 0)
#6 /Applications/MAMP/htdocs/WebSysTech/tfa2/app/Controllers/UserController.php(12): CodeIgniter\BaseModel->findAll()
#7 /Applications/MAMP/htdocs/WebSysTech/tfa2/system/CodeIgniter.php(974): App\Controllers\UserController->index()
#8 /Applications/MAMP/htdocs/WebSysTech/tfa2/system/CodeIgniter.php(520): CodeIgniter\CodeIgniter->runController(Object(App\Controllers\UserController))
#9 /Applications/MAMP/htdocs/WebSysTech/tfa2/system/CodeIgniter.php(363): CodeIgniter\CodeIgniter->handleRequest(NULL, Object(Config\Cache), false)
#10 /Applications/MAMP/htdocs/WebSysTech/tfa2/system/Boot.php(417): CodeIgniter\CodeIgniter->run()
#11 /Applications/MAMP/htdocs/WebSysTech/tfa2/system/Boot.php(68): CodeIgniter\Boot::runCodeIgniter(Object(CodeIgniter\CodeIgniter))
#12 /Applications/MAMP/htdocs/WebSysTech/tfa2/public/index.php(59): CodeIgniter\Boot::bootWeb(Object(Config\Paths))
#13 /Applications/MAMP/htdocs/WebSysTech/tfa2/system/rewrite.php(44): require_once('/Applications/M...')
#14 {main}

Next CodeIgniter\Database\Exceptions\DatabaseException: Operation timed out in /Applications/MAMP/htdocs/WebSysTech/tfa2/system/Database/MySQLi/Connection.php:231
Stack trace:
#0 /Applications/MAMP/htdocs/WebSysTech/tfa2/system/Database/BaseConnection.php(555): CodeIgniter\Database\MySQLi\Connection->connect(false)
#1 /Applications/MAMP/htdocs/WebSysTech/tfa2/system/Database/BaseConnection.php(795): CodeIgniter\Database\BaseConnection->initialize()
#2 /Applications/MAMP/htdocs/WebSysTech/tfa2/system/Database/BaseBuilder.php(1659): CodeIgniter\Database\BaseConnection->query('SELECT *\nFROM `...', Array, false)
#3 /Applications/MAMP/htdocs/WebSysTech/tfa2/system/Model.php(255): CodeIgniter\Database\BaseBuilder->get()
#4 /Applications/MAMP/htdocs/WebSysTech/tfa2/system/BaseModel.php(676): CodeIgniter\Model->doFindAll(0, 0)
#5 /Applications/MAMP/htdocs/WebSysTech/tfa2/app/Controllers/UserController.php(12): CodeIgniter\BaseModel->findAll()
#6 /Applications/MAMP/htdocs/WebSysTech/tfa2/system/CodeIgniter.php(974): App\Controllers\UserController->index()
#7 /Applications/MAMP/htdocs/WebSysTech/tfa2/system/CodeIgniter.php(520): CodeIgniter\CodeIgniter->runController(Object(App\Controllers\UserController))
#8 /Applications/MAMP/htdocs/WebSysTech/tfa2/system/CodeIgniter.php(363): CodeIgniter\CodeIgniter->handleRequest(NULL, Object(Config\Cache), false)
#9 /Applications/MAMP/htdocs/WebSysTech/tfa2/system/Boot.php(417): CodeIgniter\CodeIgniter->run()
#10 /Applications/MAMP/htdocs/WebSysTech/tfa2/system/Boot.php(68): CodeIgniter\Boot::runCodeIgniter(Object(CodeIgniter\CodeIgniter))
#11 /Applications/MAMP/htdocs/WebSysTech/tfa2/public/index.php(59): CodeIgniter\Boot::bootWeb(Object(Config\Paths))
#12 /Applications/MAMP/htdocs/WebSysTech/tfa2/system/rewrite.php(44): require_once('/Applications/M...')
#13 {main}
CRITICAL - 2026-10-04 18:26:13 --> CodeIgniter\Database\Exceptions\DatabaseException: Unable to connect to the database.
Main connection [MySQLi]: Operation timed out
[Method: GET, Route: users]
in SYSTEMPATH/Database/BaseConnection.php on line 606.
 1 SYSTEMPATH/Database/BaseConnection.php(795): CodeIgniter\Database\BaseConnection->initialize()
 2 SYSTEMPATH/Database/BaseBuilder.php(1659): CodeIgniter\Database\BaseConnection->query('SELECT *
FROM `users`', [], false)
 3 SYSTEMPATH/Model.php(255): CodeIgniter\Database\BaseBuilder->get()
 4 SYSTEMPATH/BaseModel.php(676): CodeIgniter\Model->doFindAll(0, 0)
 5 APPPATH/Controllers/UserController.php(12): CodeIgniter\BaseModel->findAll()
 6 SYSTEMPATH/CodeIgniter.php(974): App\Controllers\UserController->index()
 7 SYSTEMPATH/CodeIgniter.php(520): CodeIgniter\CodeIgniter->runController(Object(App\Controllers\UserController))
 8 SYSTEMPATH/CodeIgniter.php(363): CodeIgniter\CodeIgniter->handleRequest(null, Object(Config\Cache), false)
 9 SYSTEMPATH/Boot.php(417): CodeIgniter\CodeIgniter->run()
10 SYSTEMPATH/Boot.php(68): CodeIgniter\Boot::runCodeIgniter(Object(CodeIgniter\CodeIgniter))
11 FCPATH/index.php(59): CodeIgniter\Boot::bootWeb(Object(Config\Paths))
12 SYSTEMPATH/rewrite.php(44): require_once('/Applications/MAMP/htdocs/WebSysTech/tfa2/public/index.php')
CRITICAL - 2026-10-04 19:18:43 --> CodeIgniter\HTTP\Exceptions\BadRequestException: The URI you submitted has disallowed characters: "<span class="
[Method: GET, Route: %3Cspan%20class=]
in SYSTEMPATH/Router/Router.php on line 766.
 1 SYSTEMPATH/Router/Router.php(217): CodeIgniter\Router\Router->checkDisallowedChars('<span class=')
 2 SYSTEMPATH/CodeIgniter.php(852): CodeIgniter\Router\Router->handle('<span class=')
 3 SYSTEMPATH/CodeIgniter.php(464): CodeIgniter\CodeIgniter->tryToRouteIt(Object(CodeIgniter\Router\RouteCollection))
 4 SYSTEMPATH/CodeIgniter.php(363): CodeIgniter\CodeIgniter->handleRequest(null, Object(Config\Cache), false)
 5 SYSTEMPATH/Boot.php(417): CodeIgniter\CodeIgniter->run()
 6 SYSTEMPATH/Boot.php(68): CodeIgniter\Boot::runCodeIgniter(Object(CodeIgniter\CodeIgniter))
 7 FCPATH/index.php(59): CodeIgniter\Boot::bootWeb(Object(Config\Paths))
 8 SYSTEMPATH/rewrite.php(44): require_once('/Applications/MAMP/htdocs/WebSysTech/tfa2/public/index.php')
CRITICAL - 2026-10-04 19:18:45 --> CodeIgniter\HTTP\Exceptions\BadRequestException: The URI you submitted has disallowed characters: "<span class="
[Method: GET, Route: %3Cspan%20class=]
in SYSTEMPATH/Router/Router.php on line 766.
 1 SYSTEMPATH/Router/Router.php(217): CodeIgniter\Router\Router->checkDisallowedChars('<span class=')
 2 SYSTEMPATH/CodeIgniter.php(852): CodeIgniter\Router\Router->handle('<span class=')
 3 SYSTEMPATH/CodeIgniter.php(464): CodeIgniter\CodeIgniter->tryToRouteIt(Object(CodeIgniter\Router\RouteCollection))
 4 SYSTEMPATH/CodeIgniter.php(363): CodeIgniter\CodeIgniter->handleRequest(null, Object(Config\Cache), false)
 5 SYSTEMPATH/Boot.php(417): CodeIgniter\CodeIgniter->run()
 6 SYSTEMPATH/Boot.php(68): CodeIgniter\Boot::runCodeIgniter(Object(CodeIgniter\CodeIgniter))
 7 FCPATH/index.php(59): CodeIgniter\Boot::bootWeb(Object(Config\Paths))
 8 SYSTEMPATH/rewrite.php(44): require_once('/Applications/MAMP/htdocs/WebSysTech/tfa2/public/index.php')
